
> college-management-frontend@1.0.0 test
> vitest --watch=false


[7m[1m[36m RUN [39m[22m[27m [36mv1.6.1[39m [90mD:/collegemanagementMERN/College Management/frontend[39m

node.exe : [2minclude: [2
2m[33m**/*.{test,spec}.?(c
|m)[jt]s?(x)[39m
At line:1 char:1
+ & "C:\Program 
Files\nodejs/node.exe" 
"C:\Program 
Files\nodejs/node_mo ...
+ ~~~~~~~~~~~~~~~~~~~~~~~~~
~~~~~~~~~~~~~~~~~~~~~~~~~~~
~~~~~~~~~~~~~~~~~
    + CategoryInfo         
     : NotSpecified: ([2  
  minclude: [...)[jt]s?   
 (x)[39m:String) [], R    
emoteException
    + FullyQualifiedErrorI 
   d : NativeCommandError
 
[2mexclude:  
[22m[33me2e/**[2m, 
[22mnode_modules[2m, 
[22mdist[2m, 
[22m.idea[2m, 
[22m.git[2m, 
[22m.cache[39m
[2mwatch exclude:  [22m[
33m**/node_modules/**[2m, 
[22m**/dist/**[39m
[31m
No test files found, 
exiting with code 1[39m
